Archive member included to satisfy reference by file (symbol)

C:\Users\fenim\Downloads\Lab2_NotBorked\SoftwareSerial\Problem1\libEmSysLib.a(library.o)
                              main.o (init_sw_serial_putc_test)
c:/program files (x86)/atmel/studio/7.0/toolchain/avr8/avr8-gnu-toolchain/bin/../lib/gcc/avr/4.9.2/avr6\libgcc.a(_exit.o)
                              C:/Program Files (x86)/Atmel/Studio/7.0/Packs/atmel/ATmega_DFP/1.1.130/gcc/dev/atmega2560/avr6/crtatmega2560.o (exit)
c:/program files (x86)/atmel/studio/7.0/toolchain/avr8/avr8-gnu-toolchain/bin/../lib/gcc/avr/4.9.2/avr6\libgcc.a(_copy_data.o)
                              C:\Users\fenim\Downloads\Lab2_NotBorked\SoftwareSerial\Problem1\libEmSysLib.a(library.o) (__do_copy_data)
c:/program files (x86)/atmel/studio/7.0/toolchain/avr8/avr8-gnu-toolchain/bin/../lib/gcc/avr/4.9.2/avr6\libgcc.a(_clear_bss.o)
                              C:\Users\fenim\Downloads\Lab2_NotBorked\SoftwareSerial\Problem1\libEmSysLib.a(library.o) (__do_clear_bss)

Discarded input sections

 .data          0x00000000        0x0 C:/Program Files (x86)/Atmel/Studio/7.0/Packs/atmel/ATmega_DFP/1.1.130/gcc/dev/atmega2560/avr6/crtatmega2560.o
 .bss           0x00000000        0x0 C:/Program Files (x86)/Atmel/Studio/7.0/Packs/atmel/ATmega_DFP/1.1.130/gcc/dev/atmega2560/avr6/crtatmega2560.o
 .data          0x00000000        0x0 delay_usec.o
 .bss           0x00000000        0x0 delay_usec.o
 .text          0x00000000        0x0 main.o
 .data          0x00000000        0x0 main.o
 .bss           0x00000000        0x0 main.o
 .text          0x00000000        0x0 C:\Users\fenim\Downloads\Lab2_NotBorked\SoftwareSerial\Problem1\libEmSysLib.a(library.o)
 .data          0x00000000        0x0 C:\Users\fenim\Downloads\Lab2_NotBorked\SoftwareSerial\Problem1\libEmSysLib.a(library.o)
 .bss           0x00000000        0x0 C:\Users\fenim\Downloads\Lab2_NotBorked\SoftwareSerial\Problem1\libEmSysLib.a(library.o)
 .text.Serial_config
                0x00000000      0x27e C:\Users\fenim\Downloads\Lab2_NotBorked\SoftwareSerial\Problem1\libEmSysLib.a(library.o)
 .text.Serial_available
                0x00000000       0x34 C:\Users\fenim\Downloads\Lab2_NotBorked\SoftwareSerial\Problem1\libEmSysLib.a(library.o)
 .text.Q_delete
                0x00000000       0x26 C:\Users\fenim\Downloads\Lab2_NotBorked\SoftwareSerial\Problem1\libEmSysLib.a(library.o)
 .text.Serial_close
                0x00000000       0x52 C:\Users\fenim\Downloads\Lab2_NotBorked\SoftwareSerial\Problem1\libEmSysLib.a(library.o)
 .text.Q_create
                0x00000000       0xae C:\Users\fenim\Downloads\Lab2_NotBorked\SoftwareSerial\Problem1\libEmSysLib.a(library.o)
 .text.Serial_open
                0x00000000       0x9c C:\Users\fenim\Downloads\Lab2_NotBorked\SoftwareSerial\Problem1\libEmSysLib.a(library.o)
 .text.Q_used   0x00000000       0x14 C:\Users\fenim\Downloads\Lab2_NotBorked\SoftwareSerial\Problem1\libEmSysLib.a(library.o)
 .text.Q_unused
                0x00000000       0x1e C:\Users\fenim\Downloads\Lab2_NotBorked\SoftwareSerial\Problem1\libEmSysLib.a(library.o)
 .text.Q_full   0x00000000       0x14 C:\Users\fenim\Downloads\Lab2_NotBorked\SoftwareSerial\Problem1\libEmSysLib.a(library.o)
 .text.Q_empty  0x00000000       0x16 C:\Users\fenim\Downloads\Lab2_NotBorked\SoftwareSerial\Problem1\libEmSysLib.a(library.o)
 .text.Serial_read
                0x00000000       0x68 C:\Users\fenim\Downloads\Lab2_NotBorked\SoftwareSerial\Problem1\libEmSysLib.a(library.o)
 .text.Serial_write
                0x00000000       0x78 C:\Users\fenim\Downloads\Lab2_NotBorked\SoftwareSerial\Problem1\libEmSysLib.a(library.o)
 .text.Serial_puts
                0x00000000       0x4e C:\Users\fenim\Downloads\Lab2_NotBorked\SoftwareSerial\Problem1\libEmSysLib.a(library.o)
 .text.Serial0_poll_read
                0x00000000       0x10 C:\Users\fenim\Downloads\Lab2_NotBorked\SoftwareSerial\Problem1\libEmSysLib.a(library.o)
 .text.Serial1_poll_read
                0x00000000       0x10 C:\Users\fenim\Downloads\Lab2_NotBorked\SoftwareSerial\Problem1\libEmSysLib.a(library.o)
 .text.Serial1_poll_write
                0x00000000       0x10 C:\Users\fenim\Downloads\Lab2_NotBorked\SoftwareSerial\Problem1\libEmSysLib.a(library.o)
 .text.Serial1_poll_print
                0x00000000       0x1e C:\Users\fenim\Downloads\Lab2_NotBorked\SoftwareSerial\Problem1\libEmSysLib.a(library.o)
 .text.init_sw_serial_getc_test
                0x00000000       0x2e C:\Users\fenim\Downloads\Lab2_NotBorked\SoftwareSerial\Problem1\libEmSysLib.a(library.o)
 .text.test_sw_serial_getc
                0x00000000       0x50 C:\Users\fenim\Downloads\Lab2_NotBorked\SoftwareSerial\Problem1\libEmSysLib.a(library.o)
 .text.init_sw_serial_puts_test
                0x00000000       0x40 C:\Users\fenim\Downloads\Lab2_NotBorked\SoftwareSerial\Problem1\libEmSysLib.a(library.o)
 .text.test_sw_serial_puts
                0x00000000       0x54 C:\Users\fenim\Downloads\Lab2_NotBorked\SoftwareSerial\Problem1\libEmSysLib.a(library.o)
 .text.debug_init
                0x00000000        0x8 C:\Users\fenim\Downloads\Lab2_NotBorked\SoftwareSerial\Problem1\libEmSysLib.a(library.o)
 .text.debug_hang
                0x00000000       0x1c C:\Users\fenim\Downloads\Lab2_NotBorked\SoftwareSerial\Problem1\libEmSysLib.a(library.o)
 .text          0x00000000        0x0 c:/program files (x86)/atmel/studio/7.0/toolchain/avr8/avr8-gnu-toolchain/bin/../lib/gcc/avr/4.9.2/avr6\libgcc.a(_exit.o)
 .data          0x00000000        0x0 c:/program files (x86)/atmel/studio/7.0/toolchain/avr8/avr8-gnu-toolchain/bin/../lib/gcc/avr/4.9.2/avr6\libgcc.a(_exit.o)
 .bss           0x00000000        0x0 c:/program files (x86)/atmel/studio/7.0/toolchain/avr8/avr8-gnu-toolchain/bin/../lib/gcc/avr/4.9.2/avr6\libgcc.a(_exit.o)
 .text.libgcc.mul
                0x00000000        0x0 c:/program files (x86)/atmel/studio/7.0/toolchain/avr8/avr8-gnu-toolchain/bin/../lib/gcc/avr/4.9.2/avr6\libgcc.a(_exit.o)
 .text.libgcc.div
                0x00000000        0x0 c:/program files (x86)/atmel/studio/7.0/toolchain/avr8/avr8-gnu-toolchain/bin/../lib/gcc/avr/4.9.2/avr6\libgcc.a(_exit.o)
 .text.libgcc   0x00000000        0x0 c:/program files (x86)/atmel/studio/7.0/toolchain/avr8/avr8-gnu-toolchain/bin/../lib/gcc/avr/4.9.2/avr6\libgcc.a(_exit.o)
 .text.libgcc.prologue
                0x00000000        0x0 c:/program files (x86)/atmel/studio/7.0/toolchain/avr8/avr8-gnu-toolchain/bin/../lib/gcc/avr/4.9.2/avr6\libgcc.a(_exit.o)
 .text.libgcc.builtins
                0x00000000        0x0 c:/program files (x86)/atmel/studio/7.0/toolchain/avr8/avr8-gnu-toolchain/bin/../lib/gcc/avr/4.9.2/avr6\libgcc.a(_exit.o)
 .text.libgcc.fmul
                0x00000000        0x0 c:/program files (x86)/atmel/studio/7.0/toolchain/avr8/avr8-gnu-toolchain/bin/../lib/gcc/avr/4.9.2/avr6\libgcc.a(_exit.o)
 .text.libgcc.fixed
                0x00000000        0x0 c:/program files (x86)/atmel/studio/7.0/toolchain/avr8/avr8-gnu-toolchain/bin/../lib/gcc/avr/4.9.2/avr6\libgcc.a(_exit.o)
 .text          0x00000000        0x0 c:/program files (x86)/atmel/studio/7.0/toolchain/avr8/avr8-gnu-toolchain/bin/../lib/gcc/avr/4.9.2/avr6\libgcc.a(_copy_data.o)
 .data          0x00000000        0x0 c:/program files (x86)/atmel/studio/7.0/toolchain/avr8/avr8-gnu-toolchain/bin/../lib/gcc/avr/4.9.2/avr6\libgcc.a(_copy_data.o)
 .bss           0x00000000        0x0 c:/program files (x86)/atmel/studio/7.0/toolchain/avr8/avr8-gnu-toolchain/bin/../lib/gcc/avr/4.9.2/avr6\libgcc.a(_copy_data.o)
 .text.libgcc.mul
                0x00000000        0x0 c:/program files (x86)/atmel/studio/7.0/toolchain/avr8/avr8-gnu-toolchain/bin/../lib/gcc/avr/4.9.2/avr6\libgcc.a(_copy_data.o)
 .text.libgcc.div
                0x00000000        0x0 c:/program files (x86)/atmel/studio/7.0/toolchain/avr8/avr8-gnu-toolchain/bin/../lib/gcc/avr/4.9.2/avr6\libgcc.a(_copy_data.o)
 .text.libgcc   0x00000000        0x0 c:/program files (x86)/atmel/studio/7.0/toolchain/avr8/avr8-gnu-toolchain/bin/../lib/gcc/avr/4.9.2/avr6\libgcc.a(_copy_data.o)
 .text.libgcc.prologue
                0x00000000        0x0 c:/program files (x86)/atmel/studio/7.0/toolchain/avr8/avr8-gnu-toolchain/bin/../lib/gcc/avr/4.9.2/avr6\libgcc.a(_copy_data.o)
 .text.libgcc.builtins
                0x00000000        0x0 c:/program files (x86)/atmel/studio/7.0/toolchain/avr8/avr8-gnu-toolchain/bin/../lib/gcc/avr/4.9.2/avr6\libgcc.a(_copy_data.o)
 .text.libgcc.fmul
                0x00000000        0x0 c:/program files (x86)/atmel/studio/7.0/toolchain/avr8/avr8-gnu-toolchain/bin/../lib/gcc/avr/4.9.2/avr6\libgcc.a(_copy_data.o)
 .text.libgcc.fixed
                0x00000000        0x0 c:/program files (x86)/atmel/studio/7.0/toolchain/avr8/avr8-gnu-toolchain/bin/../lib/gcc/avr/4.9.2/avr6\libgcc.a(_copy_data.o)
 .text          0x00000000        0x0 c:/program files (x86)/atmel/studio/7.0/toolchain/avr8/avr8-gnu-toolchain/bin/../lib/gcc/avr/4.9.2/avr6\libgcc.a(_clear_bss.o)
 .data          0x00000000        0x0 c:/program files (x86)/atmel/studio/7.0/toolchain/avr8/avr8-gnu-toolchain/bin/../lib/gcc/avr/4.9.2/avr6\libgcc.a(_clear_bss.o)
 .bss           0x00000000        0x0 c:/program files (x86)/atmel/studio/7.0/toolchain/avr8/avr8-gnu-toolchain/bin/../lib/gcc/avr/4.9.2/avr6\libgcc.a(_clear_bss.o)
 .text.libgcc.mul
                0x00000000        0x0 c:/program files (x86)/atmel/studio/7.0/toolchain/avr8/avr8-gnu-toolchain/bin/../lib/gcc/avr/4.9.2/avr6\libgcc.a(_clear_bss.o)
 .text.libgcc.div
                0x00000000        0x0 c:/program files (x86)/atmel/studio/7.0/toolchain/avr8/avr8-gnu-toolchain/bin/../lib/gcc/avr/4.9.2/avr6\libgcc.a(_clear_bss.o)
 .text.libgcc   0x00000000        0x0 c:/program files (x86)/atmel/studio/7.0/toolchain/avr8/avr8-gnu-toolchain/bin/../lib/gcc/avr/4.9.2/avr6\libgcc.a(_clear_bss.o)
 .text.libgcc.prologue
                0x00000000        0x0 c:/program files (x86)/atmel/studio/7.0/toolchain/avr8/avr8-gnu-toolchain/bin/../lib/gcc/avr/4.9.2/avr6\libgcc.a(_clear_bss.o)
 .text.libgcc.builtins
                0x00000000        0x0 c:/program files (x86)/atmel/studio/7.0/toolchain/avr8/avr8-gnu-toolchain/bin/../lib/gcc/avr/4.9.2/avr6\libgcc.a(_clear_bss.o)
 .text.libgcc.fmul
                0x00000000        0x0 c:/program files (x86)/atmel/studio/7.0/toolchain/avr8/avr8-gnu-toolchain/bin/../lib/gcc/avr/4.9.2/avr6\libgcc.a(_clear_bss.o)
 .text.libgcc.fixed
                0x00000000        0x0 c:/program files (x86)/atmel/studio/7.0/toolchain/avr8/avr8-gnu-toolchain/bin/../lib/gcc/avr/4.9.2/avr6\libgcc.a(_clear_bss.o)

Memory Configuration

Name             Origin             Length             Attributes
text             0x00000000         0x00100000         xr
data             0x00800200         0x0000fe00         rw !x
eeprom           0x00810000         0x00010000         rw !x
fuse             0x00820000         0x00000003         rw !x
lock             0x00830000         0x00000400         rw !x
signature        0x00840000         0x00000400         rw !x
user_signatures  0x00850000         0x00000400         rw !x
*default*        0x00000000         0xffffffff

Linker script and memory map

Address of section .data set to 0x800200
LOAD C:/Program Files (x86)/Atmel/Studio/7.0/Packs/atmel/ATmega_DFP/1.1.130/gcc/dev/atmega2560/avr6/crtatmega2560.o
LOAD delay_usec.o
LOAD main.o
START GROUP
LOAD c:/program files (x86)/atmel/studio/7.0/toolchain/avr8/avr8-gnu-toolchain/bin/../lib/gcc/avr/4.9.2/../../../../avr/lib/avr6\libm.a
LOAD C:\Users\fenim\Downloads\Lab2_NotBorked\SoftwareSerial\Problem1\libEmSysLib.a
END GROUP
START GROUP
LOAD c:/program files (x86)/atmel/studio/7.0/toolchain/avr8/avr8-gnu-toolchain/bin/../lib/gcc/avr/4.9.2/avr6\libgcc.a
LOAD c:/program files (x86)/atmel/studio/7.0/toolchain/avr8/avr8-gnu-toolchain/bin/../lib/gcc/avr/4.9.2/../../../../avr/lib/avr6\libm.a
LOAD c:/program files (x86)/atmel/studio/7.0/toolchain/avr8/avr8-gnu-toolchain/bin/../lib/gcc/avr/4.9.2/../../../../avr/lib/avr6\libc.a
LOAD C:/Program Files (x86)/Atmel/Studio/7.0/Packs/atmel/ATmega_DFP/1.1.130/gcc/dev/atmega2560/avr6\libatmega2560.a
END GROUP
                0x00100000                __TEXT_REGION_LENGTH__ = DEFINED (__TEXT_REGION_LENGTH__)?__TEXT_REGION_LENGTH__:0x100000
                0x0000fe00                __DATA_REGION_LENGTH__ = DEFINED (__DATA_REGION_LENGTH__)?__DATA_REGION_LENGTH__:0xfe00
                0x00010000                __EEPROM_REGION_LENGTH__ = DEFINED (__EEPROM_REGION_LENGTH__)?__EEPROM_REGION_LENGTH__:0x10000
                [0x00000003]                __FUSE_REGION_LENGTH__ = DEFINED (__FUSE_REGION_LENGTH__)?__FUSE_REGION_LENGTH__:0x400
                0x00000400                __LOCK_REGION_LENGTH__ = DEFINED (__LOCK_REGION_LENGTH__)?__LOCK_REGION_LENGTH__:0x400
                0x00000400                __SIGNATURE_REGION_LENGTH__ = DEFINED (__SIGNATURE_REGION_LENGTH__)?__SIGNATURE_REGION_LENGTH__:0x400
                0x00000400                __USER_SIGNATURE_REGION_LENGTH__ = DEFINED (__USER_SIGNATURE_REGION_LENGTH__)?__USER_SIGNATURE_REGION_LENGTH__:0x400

.hash
 *(.hash)

.dynsym
 *(.dynsym)

.dynstr
 *(.dynstr)

.gnu.version
 *(.gnu.version)

.gnu.version_d
 *(.gnu.version_d)

.gnu.version_r
 *(.gnu.version_r)

.rel.init
 *(.rel.init)

.rela.init
 *(.rela.init)

.rel.text
 *(.rel.text)
 *(.rel.text.*)
 *(.rel.gnu.linkonce.t*)

.rela.text
 *(.rela.text)
 *(.rela.text.*)
 *(.rela.gnu.linkonce.t*)

.rel.fini
 *(.rel.fini)

.rela.fini
 *(.rela.fini)

.rel.rodata
 *(.rel.rodata)
 *(.rel.rodata.*)
 *(.rel.gnu.linkonce.r*)

.rela.rodata
 *(.rela.rodata)
 *(.rela.rodata.*)
 *(.rela.gnu.linkonce.r*)

.rel.data
 *(.rel.data)
 *(.rel.data.*)
 *(.rel.gnu.linkonce.d*)

.rela.data
 *(.rela.data)
 *(.rela.data.*)
 *(.rela.gnu.linkonce.d*)

.rel.ctors
 *(.rel.ctors)

.rela.ctors
 *(.rela.ctors)

.rel.dtors
 *(.rel.dtors)

.rela.dtors
 *(.rela.dtors)

.rel.got
 *(.rel.got)

.rela.got
 *(.rela.got)

.rel.bss
 *(.rel.bss)

.rela.bss
 *(.rela.bss)

.rel.plt
 *(.rel.plt)

.rela.plt
 *(.rela.plt)

.text           0x00000000      0xb92
 *(.vectors)
 .vectors       0x00000000       0xe4 C:/Program Files (x86)/Atmel/Studio/7.0/Packs/atmel/ATmega_DFP/1.1.130/gcc/dev/atmega2560/avr6/crtatmega2560.o
                0x00000000                __vector_default
                0x00000000                __vectors
 *(.vectors)
 *(.progmem.gcc*)
                0x000000e4                . = ALIGN (0x2)
                0x000000e4                __trampolines_start = .
 *(.trampolines)
 .trampolines   0x000000e4        0x0 linker stubs
 *(.trampolines*)
                0x000000e4                __trampolines_end = .
 *libprintf_flt.a:*(.progmem.data)
 *libc.a:*(.progmem.data)
 *(.progmem*)
                0x000000e4                . = ALIGN (0x2)
 *(.jumptables)
 *(.jumptables*)
 *(.lowtext)
 *(.lowtext*)
                0x000000e4                __ctors_start = .
 *(.ctors)
                0x000000e4                __ctors_end = .
                0x000000e4                __dtors_start = .
 *(.dtors)
                0x000000e4                __dtors_end = .
 SORT(*)(.ctors)
 SORT(*)(.dtors)
 *(.init0)
 .init0         0x000000e4        0x0 C:/Program Files (x86)/Atmel/Studio/7.0/Packs/atmel/ATmega_DFP/1.1.130/gcc/dev/atmega2560/avr6/crtatmega2560.o
                0x000000e4                __init
 *(.init0)
 *(.init1)
 *(.init1)
 *(.init2)
 .init2         0x000000e4       0x10 C:/Program Files (x86)/Atmel/Studio/7.0/Packs/atmel/ATmega_DFP/1.1.130/gcc/dev/atmega2560/avr6/crtatmega2560.o
 *(.init2)
 *(.init3)
 *(.init3)
 *(.init4)
 .init4         0x000000f4       0x1a c:/program files (x86)/atmel/studio/7.0/toolchain/avr8/avr8-gnu-toolchain/bin/../lib/gcc/avr/4.9.2/avr6\libgcc.a(_copy_data.o)
                0x000000f4                __do_copy_data
 .init4         0x0000010e       0x10 c:/program files (x86)/atmel/studio/7.0/toolchain/avr8/avr8-gnu-toolchain/bin/../lib/gcc/avr/4.9.2/avr6\libgcc.a(_clear_bss.o)
                0x0000010e                __do_clear_bss
 *(.init4)
 *(.init5)
 *(.init5)
 *(.init6)
 *(.init6)
 *(.init7)
 *(.init7)
 *(.init8)
 *(.init8)
 *(.init9)
 .init9         0x0000011e        0x4 C:/Program Files (x86)/Atmel/Studio/7.0/Packs/atmel/ATmega_DFP/1.1.130/gcc/dev/atmega2560/avr6/crtatmega2560.o
 *(.init9)
 *(.text)
 .text          0x00000122        0x2 C:/Program Files (x86)/Atmel/Studio/7.0/Packs/atmel/ATmega_DFP/1.1.130/gcc/dev/atmega2560/avr6/crtatmega2560.o
                0x00000122                __vector_38
                0x00000122                __vector_22
                0x00000122                __vector_28
                0x00000122                __vector_1
                0x00000122                __vector_32
                0x00000122                __vector_34
                0x00000122                __vector_24
                0x00000122                __vector_12
                0x00000122                __vector_46
                0x00000122                __bad_interrupt
                0x00000122                __vector_6
                0x00000122                __vector_31
                0x00000122                __vector_35
                0x00000122                __vector_39
                0x00000122                __vector_3
                0x00000122                __vector_23
                0x00000122                __vector_30
                0x00000122                __vector_45
                0x00000122                __vector_11
                0x00000122                __vector_13
                0x00000122                __vector_17
                0x00000122                __vector_19
                0x00000122                __vector_56
                0x00000122                __vector_7
                0x00000122                __vector_49
                0x00000122                __vector_41
                0x00000122                __vector_43
                0x00000122                __vector_27
                0x00000122                __vector_5
                0x00000122                __vector_33
                0x00000122                __vector_47
                0x00000122                __vector_4
                0x00000122                __vector_44
                0x00000122                __vector_9
                0x00000122                __vector_2
                0x00000122                __vector_21
                0x00000122                __vector_15
                0x00000122                __vector_29
                0x00000122                __vector_40
                0x00000122                __vector_8
                0x00000122                __vector_48
                0x00000122                __vector_14
                0x00000122                __vector_53
                0x00000122                __vector_10
                0x00000122                __vector_50
                0x00000122                __vector_16
                0x00000122                __vector_18
                0x00000122                __vector_20
                0x00000122                __vector_42
 .text          0x00000124       0x10 delay_usec.o
                0x00000124                delay_usec
                0x00000134                . = ALIGN (0x2)
 *(.text.*)
 .text.sw_serial_putc
                0x00000134       0x5e main.o
                0x00000134                sw_serial_putc
 .text.main     0x00000192       0x2a main.o
                0x00000192                main
 .text.Q_getc   0x000001bc       0xbc C:\Users\fenim\Downloads\Lab2_NotBorked\SoftwareSerial\Problem1\libEmSysLib.a(library.o)
                0x000001bc                Q_getc
 .text.__vector_26
                0x00000278       0x98 C:\Users\fenim\Downloads\Lab2_NotBorked\SoftwareSerial\Problem1\libEmSysLib.a(library.o)
                0x00000278                __vector_26
 .text.__vector_37
                0x00000310       0x98 C:\Users\fenim\Downloads\Lab2_NotBorked\SoftwareSerial\Problem1\libEmSysLib.a(library.o)
                0x00000310                __vector_37
 .text.__vector_52
                0x000003a8       0x98 C:\Users\fenim\Downloads\Lab2_NotBorked\SoftwareSerial\Problem1\libEmSysLib.a(library.o)
                0x000003a8                __vector_52
 .text.__vector_55
                0x00000440       0x98 C:\Users\fenim\Downloads\Lab2_NotBorked\SoftwareSerial\Problem1\libEmSysLib.a(library.o)
                0x00000440                __vector_55
 .text.Q_putc   0x000004d8       0xb2 C:\Users\fenim\Downloads\Lab2_NotBorked\SoftwareSerial\Problem1\libEmSysLib.a(library.o)
                0x000004d8                Q_putc
 .text.__vector_25
                0x0000058a       0x56 C:\Users\fenim\Downloads\Lab2_NotBorked\SoftwareSerial\Problem1\libEmSysLib.a(library.o)
                0x0000058a                __vector_25
 .text.__vector_36
                0x000005e0       0x56 C:\Users\fenim\Downloads\Lab2_NotBorked\SoftwareSerial\Problem1\libEmSysLib.a(library.o)
                0x000005e0                __vector_36
 .text.__vector_51
                0x00000636       0x56 C:\Users\fenim\Downloads\Lab2_NotBorked\SoftwareSerial\Problem1\libEmSysLib.a(library.o)
                0x00000636                __vector_51
 .text.__vector_54
                0x0000068c       0x56 C:\Users\fenim\Downloads\Lab2_NotBorked\SoftwareSerial\Problem1\libEmSysLib.a(library.o)
                0x0000068c                __vector_54
 .text.Serial0_poll_write
                0x000006e2       0x10 C:\Users\fenim\Downloads\Lab2_NotBorked\SoftwareSerial\Problem1\libEmSysLib.a(library.o)
                0x000006e2                Serial0_poll_write
 .text.Serial0_poll_print
                0x000006f2       0x1c C:\Users\fenim\Downloads\Lab2_NotBorked\SoftwareSerial\Problem1\libEmSysLib.a(library.o)
                0x000006f2                Serial0_poll_print
 .text.Serial0_config
                0x0000070e      0x1fc C:\Users\fenim\Downloads\Lab2_NotBorked\SoftwareSerial\Problem1\libEmSysLib.a(library.o)
                0x0000070e                Serial0_config
 .text.Serial1_config
                0x0000090a      0x1fc C:\Users\fenim\Downloads\Lab2_NotBorked\SoftwareSerial\Problem1\libEmSysLib.a(library.o)
                0x0000090a                Serial1_config
 .text.init_sw_serial_putc_test
                0x00000b06       0x36 C:\Users\fenim\Downloads\Lab2_NotBorked\SoftwareSerial\Problem1\libEmSysLib.a(library.o)
                0x00000b06                init_sw_serial_putc_test
 .text.test_sw_serial_putc
                0x00000b3c       0x52 C:\Users\fenim\Downloads\Lab2_NotBorked\SoftwareSerial\Problem1\libEmSysLib.a(library.o)
                0x00000b3c                test_sw_serial_putc
                0x00000b8e                . = ALIGN (0x2)
 *(.fini9)
 .fini9         0x00000b8e        0x0 c:/program files (x86)/atmel/studio/7.0/toolchain/avr8/avr8-gnu-toolchain/bin/../lib/gcc/avr/4.9.2/avr6\libgcc.a(_exit.o)
                0x00000b8e                _exit
                0x00000b8e                exit
 *(.fini9)
 *(.fini8)
 *(.fini8)
 *(.fini7)
 *(.fini7)
 *(.fini6)
 *(.fini6)
 *(.fini5)
 *(.fini5)
 *(.fini4)
 *(.fini4)
 *(.fini3)
 *(.fini3)
 *(.fini2)
 *(.fini2)
 *(.fini1)
 *(.fini1)
 *(.fini0)
 .fini0         0x00000b8e        0x4 c:/program files (x86)/atmel/studio/7.0/toolchain/avr8/avr8-gnu-toolchain/bin/../lib/gcc/avr/4.9.2/avr6\libgcc.a(_exit.o)
 *(.fini0)
                0x00000b92                _etext = .

.data           0x00800200       0x68 load address 0x00000b92
                0x00800200                PROVIDE (__data_start, .)
 *(.data)
 *(.data*)
 .data.serial_port
                0x00800200       0x28 C:\Users\fenim\Downloads\Lab2_NotBorked\SoftwareSerial\Problem1\libEmSysLib.a(library.o)
                0x00800200                serial_port
 .data.serialregs
                0x00800228        0x8 C:\Users\fenim\Downloads\Lab2_NotBorked\SoftwareSerial\Problem1\libEmSysLib.a(library.o)
                0x00800228                serialregs
 *(.rodata)
 *(.rodata*)
 .rodata.str1.1
                0x00800230       0x37 C:\Users\fenim\Downloads\Lab2_NotBorked\SoftwareSerial\Problem1\libEmSysLib.a(library.o)
                                 0x63 (size before relaxing)
 *(.gnu.linkonce.d*)
                0x00800268                . = ALIGN (0x2)
 *fill*         0x00800267        0x1 
                0x00800268                _edata = .
                0x00800268                PROVIDE (__data_end, .)

.bss            0x00800268      0x1a0
                0x00800268                PROVIDE (__bss_start, .)
 *(.bss)
 *(.bss*)
 .bss.sysQueue  0x00800268       0x20 C:\Users\fenim\Downloads\Lab2_NotBorked\SoftwareSerial\Problem1\libEmSysLib.a(library.o)
 .bss.p3_tx_buffer
                0x00800288       0x20 C:\Users\fenim\Downloads\Lab2_NotBorked\SoftwareSerial\Problem1\libEmSysLib.a(library.o)
 .bss.p3_rx_buffer
                0x008002a8       0x20 C:\Users\fenim\Downloads\Lab2_NotBorked\SoftwareSerial\Problem1\libEmSysLib.a(library.o)
 .bss.p2_tx_buffer
                0x008002c8       0x20 C:\Users\fenim\Downloads\Lab2_NotBorked\SoftwareSerial\Problem1\libEmSysLib.a(library.o)
 .bss.p2_rx_buffer
                0x008002e8       0x20 C:\Users\fenim\Downloads\Lab2_NotBorked\SoftwareSerial\Problem1\libEmSysLib.a(library.o)
 .bss.p1_tx_buffer
                0x00800308       0x40 C:\Users\fenim\Downloads\Lab2_NotBorked\SoftwareSerial\Problem1\libEmSysLib.a(library.o)
 .bss.p1_rx_buffer
                0x00800348       0x40 C:\Users\fenim\Downloads\Lab2_NotBorked\SoftwareSerial\Problem1\libEmSysLib.a(library.o)
 .bss.p0_tx_buffer
                0x00800388       0x40 C:\Users\fenim\Downloads\Lab2_NotBorked\SoftwareSerial\Problem1\libEmSysLib.a(library.o)
 .bss.p0_rx_buffer
                0x008003c8       0x40 C:\Users\fenim\Downloads\Lab2_NotBorked\SoftwareSerial\Problem1\libEmSysLib.a(library.o)
 *(COMMON)
                0x00800408                PROVIDE (__bss_end, .)
                0x00000b92                __data_load_start = LOADADDR (.data)
                0x00000bfa                __data_load_end = (__data_load_start + SIZEOF (.data))

.noinit         0x00800408        0x0
                [!provide]                PROVIDE (__noinit_start, .)
 *(.noinit*)
                [!provide]                PROVIDE (__noinit_end, .)
                0x00800408                _end = .
                [!provide]                PROVIDE (__heap_start, .)

.eeprom         0x00810000        0x0
 *(.eeprom*)
                0x00810000                __eeprom_end = .

.fuse
 *(.fuse)
 *(.lfuse)
 *(.hfuse)
 *(.efuse)

.lock
 *(.lock*)

.signature
 *(.signature*)

.user_signatures
 *(.user_signatures*)

.stab
 *(.stab)

.stabstr
 *(.stabstr)

.stab.excl
 *(.stab.excl)

.stab.exclstr
 *(.stab.exclstr)

.stab.index
 *(.stab.index)

.stab.indexstr
 *(.stab.indexstr)

.comment        0x00000000       0x60
 *(.comment)
 .comment       0x00000000       0x30 main.o
                                 0x31 (size before relaxing)
 .comment       0x00000030       0x30 C:\Users\fenim\Downloads\Lab2_NotBorked\SoftwareSerial\Problem1\libEmSysLib.a(library.o)
                                 0x31 (size before relaxing)

.note.gnu.avr.deviceinfo
                0x00000000       0x40
 .note.gnu.avr.deviceinfo
                0x00000000       0x40 C:/Program Files (x86)/Atmel/Studio/7.0/Packs/atmel/ATmega_DFP/1.1.130/gcc/dev/atmega2560/avr6/crtatmega2560.o

.note.gnu.build-id
 *(.note.gnu.build-id)

.debug
 *(.debug)

.line
 *(.line)

.debug_srcinfo
 *(.debug_srcinfo)

.debug_sfnames
 *(.debug_sfnames)

.debug_aranges  0x00000000      0x198
 *(.debug_aranges)
 .debug_aranges
                0x00000000       0x20 delay_usec.o
 .debug_aranges
                0x00000020       0x28 main.o
 .debug_aranges
                0x00000048      0x150 C:\Users\fenim\Downloads\Lab2_NotBorked\SoftwareSerial\Problem1\libEmSysLib.a(library.o)

.debug_pubnames
 *(.debug_pubnames)

.debug_info     0x00000000     0x20d8
 *(.debug_info .gnu.linkonce.wi.*)
 .debug_info    0x00000000      0xbbc C:/Program Files (x86)/Atmel/Studio/7.0/Packs/atmel/ATmega_DFP/1.1.130/gcc/dev/atmega2560/avr6/crtatmega2560.o
 .debug_info    0x00000bbc       0x87 delay_usec.o
 .debug_info    0x00000c43      0x240 main.o
 .debug_info    0x00000e83     0x1255 C:\Users\fenim\Downloads\Lab2_NotBorked\SoftwareSerial\Problem1\libEmSysLib.a(library.o)

.debug_abbrev   0x00000000     0x1097
 *(.debug_abbrev)
 .debug_abbrev  0x00000000      0xb1a C:/Program Files (x86)/Atmel/Studio/7.0/Packs/atmel/ATmega_DFP/1.1.130/gcc/dev/atmega2560/avr6/crtatmega2560.o
 .debug_abbrev  0x00000b1a       0x14 delay_usec.o
 .debug_abbrev  0x00000b2e      0x170 main.o
 .debug_abbrev  0x00000c9e      0x3f9 C:\Users\fenim\Downloads\Lab2_NotBorked\SoftwareSerial\Problem1\libEmSysLib.a(library.o)

.debug_line     0x00000000     0x104e
 *(.debug_line .debug_line.* .debug_line_end)
 .debug_line    0x00000000      0x1f9 C:/Program Files (x86)/Atmel/Studio/7.0/Packs/atmel/ATmega_DFP/1.1.130/gcc/dev/atmega2560/avr6/crtatmega2560.o
 .debug_line    0x000001f9       0x69 delay_usec.o
 .debug_line    0x00000262      0x1a9 main.o
 .debug_line    0x0000040b      0xc43 C:\Users\fenim\Downloads\Lab2_NotBorked\SoftwareSerial\Problem1\libEmSysLib.a(library.o)

.debug_frame    0x00000000      0x6a0
 *(.debug_frame)
 .debug_frame   0x00000000       0x54 main.o
 .debug_frame   0x00000054      0x64c C:\Users\fenim\Downloads\Lab2_NotBorked\SoftwareSerial\Problem1\libEmSysLib.a(library.o)

.debug_str      0x00000000      0x979
 *(.debug_str)
 .debug_str     0x00000000      0x3e6 C:/Program Files (x86)/Atmel/Studio/7.0/Packs/atmel/ATmega_DFP/1.1.130/gcc/dev/atmega2560/avr6/crtatmega2560.o
 .debug_str     0x000003e6      0x1cf main.o
                                0x217 (size before relaxing)
 .debug_str     0x000005b5      0x3c4 C:\Users\fenim\Downloads\Lab2_NotBorked\SoftwareSerial\Problem1\libEmSysLib.a(library.o)
                                0x59c (size before relaxing)

.debug_loc      0x00000000     0x18e9
 *(.debug_loc)
 .debug_loc     0x00000000       0xf4 main.o
 .debug_loc     0x000000f4     0x17f5 C:\Users\fenim\Downloads\Lab2_NotBorked\SoftwareSerial\Problem1\libEmSysLib.a(library.o)

.debug_macinfo
 *(.debug_macinfo)

.debug_weaknames
 *(.debug_weaknames)

.debug_funcnames
 *(.debug_funcnames)

.debug_typenames
 *(.debug_typenames)

.debug_varnames
 *(.debug_varnames)

.debug_pubtypes
 *(.debug_pubtypes)

.debug_ranges   0x00000000      0x158
 *(.debug_ranges)
 .debug_ranges  0x00000000       0x18 main.o
 .debug_ranges  0x00000018      0x140 C:\Users\fenim\Downloads\Lab2_NotBorked\SoftwareSerial\Problem1\libEmSysLib.a(library.o)

.debug_macro
 *(.debug_macro)
OUTPUT(Problem1.elf elf32-avr)
LOAD linker stubs
